---
http_interactions:
- request:
    method: put
    uri: http://backend:5352/source/project/_meta?user=user_53
    body:
      encoding: UTF-8
      string: |
        <project name="project">
          <title>Vile Bodies</title>
          <description/>
          <person userid="foo" role="maintainer"/>
        </project>
    headers:
      Accept-Encoding:
      - gzip;q=1.0,deflate;q=0.6,identity;q=0.3
      Accept:
      - "*/*"
      User-Agent:
      - Ruby
  response:
    status:
      code: 200
      message: OK
    headers:
      Content-Type:
      - text/xml
      Cache-Control:
      - no-cache
      Connection:
      - close
      Content-Length:
      - '138'
    body:
      encoding: UTF-8
      string: |
        <project name="project">
          <title>Vile Bodies</title>
          <description></description>
          <person userid="foo" role="maintainer"/>
        </project>
  recorded_at: Mon, 30 Oct 2023 18:27:49 GMT
- request:
    method: put
    uri: http://backend:5352/source/project/package_with_service/_meta?user=user_54
    body:
      encoding: UTF-8
      string: |
        <package name="package_with_service" project="project">
          <title>The Sun Also Rises</title>
          <description>Doloribus dignissimos deleniti aliquam.</description>
        </package>
    headers:
      Accept-Encoding:
      - gzip;q=1.0,deflate;q=0.6,identity;q=0.3
      Accept:
      - "*/*"
      User-Agent:
      - Ruby
  response:
    status:
      code: 200
      message: OK
    headers:
      Content-Type:
      - text/xml
      Cache-Control:
      - no-cache
      Connection:
      - close
      Content-Length:
      - '172'
    body:
      encoding: UTF-8
      string: |
        <package name="package_with_service" project="project">
          <title>The Sun Also Rises</title>
          <description>Doloribus dignissimos deleniti aliquam.</description>
        </package>
  recorded_at: Mon, 30 Oct 2023 18:27:49 GMT
- request:
    method: put
    uri: http://backend:5352/source/project/package_with_service/_service
    body:
      encoding: UTF-8
      string: |
        <services>
          <service name="download_url">
            <param name="host">openbuildservice.org</param>
            <param name="protocol">https</param>
            <param name="path">/images/obs-logo.svg</param>
          </service>
        </services>
    headers:
      Accept-Encoding:
      - gzip;q=1.0,deflate;q=0.6,identity;q=0.3
      Accept:
      - "*/*"
      User-Agent:
      - Ruby
  response:
    status:
      code: 200
      message: OK
    headers:
      Content-Type:
      - text/xml
      Cache-Control:
      - no-cache
      Connection:
      - close
      Content-Length:
      - '209'
    body:
      encoding: UTF-8
      string: |
        <revision rev="13" vrev="13">
          <srcmd5>e51e93ce42ad9be5e35d26776822020e</srcmd5>
          <version>unknown</version>
          <time>1698690469</time>
          <user>unknown</user>
          <comment></comment>
          <requestid/>
        </revision>
  recorded_at: Mon, 30 Oct 2023 18:27:50 GMT
- request:
    method: post
    uri: http://backend:5352/source/project/package_with_service?cmd=runservice&user=foo
    body:
      encoding: UTF-8
      string: ''
    headers:
      Content-Type:
      - application/octet-stream
      Accept-Encoding:
      - gzip;q=1.0,deflate;q=0.6,identity;q=0.3
      Accept:
      - "*/*"
      User-Agent:
      - Ruby
  response:
    status:
      code: 200
      message: OK
    headers:
      Content-Type:
      - text/xml
      Cache-Control:
      - no-cache
      Connection:
      - close
      Content-Length:
      - '21'
    body:
      encoding: UTF-8
      string: '<status code="ok" />

'
  recorded_at: Mon, 30 Oct 2023 18:27:50 GMT
recorded_with: VCR 6.2.0
